20:17:00:455  INFO 29532 --- [main] com.hmall.HMallApplication               : Starting HMallApplication using Java 17.0.18 on DESKTOP-U7FJ1LB with PID 29532 (E:\BaiduNetdiskDownload\day03-微服务01\hmall\hm-service\target\classes started by 13383 in E:\BaiduNetdiskDownload\day03-微服务01\hmall)
20:17:00:460 DEBUG 29532 --- [main] com.hmall.HMallApplication               : Running with Spring Boot v2.7.12, Spring v5.3.27
20:17:00:461  INFO 29532 --- [main] com.hmall.HMallApplication               : The following 1 profile is active: "local"
20:17:02:761  INFO 29532 --- [main] .s.d.r.c.RepositoryConfigurationDelegate : Multiple Spring Data modules found, entering strict repository configuration mode
20:17:02:764  INFO 29532 --- [main] .s.d.r.c.RepositoryConfigurationDelegate : Bootstrapping Spring Data Redis repositories in DEFAULT mode.
20:17:02:804  INFO 29532 --- [main] .s.d.r.c.RepositoryConfigurationDelegate : Finished Spring Data repository scanning in 19 ms. Found 0 Redis repository interfaces.
20:17:03:632  INFO 29532 --- [main] o.s.b.w.embedded.tomcat.TomcatWebServer  : Tomcat initialized with port(s): 8080 (http)
20:17:03:647  INFO 29532 --- [main] o.apache.catalina.core.StandardService   : Starting service [Tomcat]
20:17:03:647  INFO 29532 --- [main] org.apache.catalina.core.StandardEngine  : Starting Servlet engine: [Apache Tomcat/9.0.75]
20:17:03:829  INFO 29532 --- [main] o.a.c.c.C.[Tomcat].[localhost].[/]       : Initializing Spring embedded WebApplicationContext
20:17:03:830  INFO 29532 --- [main] w.s.c.ServletWebServerApplicationContext : Root WebApplicationContext: initialization completed in 3288 ms
20:17:06:023  INFO 29532 --- [main] pertySourcedRequestMappingHandlerMapping : Mapped URL path [/v2/api-docs] onto method [springfox.documentation.swagger2.web.Swagger2ControllerWebMvc#getDocumentation(String, HttpServletRequest)]
20:17:06:451  INFO 29532 --- [main] o.s.b.w.embedded.tomcat.TomcatWebServer  : Tomcat started on port(s): 8080 (http) with context path ''
20:17:06:452  INFO 29532 --- [main] d.s.w.p.DocumentationPluginsBootstrapper : Documentation plugins bootstrapped
20:17:06:455  INFO 29532 --- [main] d.s.w.p.DocumentationPluginsBootstrapper : Found 1 custom documentation plugin(s)
20:17:06:493  INFO 29532 --- [main] s.d.s.w.s.ApiListingReferenceScanner     : Scanning for api listing references
20:17:06:708  INFO 29532 --- [main] com.hmall.HMallApplication               : Started HMallApplication in 7.144 seconds (JVM running for 8.72)
20:17:27:867  INFO 29532 --- [http-nio-8080-exec-1] o.a.c.c.C.[Tomcat].[localhost].[/]       : Initializing Spring DispatcherServlet 'dispatcherServlet'
20:17:27:867  INFO 29532 --- [http-nio-8080-exec-1] o.s.web.servlet.DispatcherServlet        : Initializing Servlet 'dispatcherServlet'
20:17:27:869  INFO 29532 --- [http-nio-8080-exec-1] o.s.web.servlet.DispatcherServlet        : Completed initialization in 2 ms
